dfd
dfdfd
Dgd
did
dld
dod
dpd
Dqd
dqlolqd
dud
dudud
dvd
dwd
dylyd
hoh
hvvh
pdpdp
pdpdp
pdwdp
phwhp
rfr
rplvvlvvlpr
Rpr
rvvr
Rwr
Rwwr
ryr
udflilfdu
udgdu
udgdu
uhjhu
udldu
udodu
udpdu
udsdu
udvdu
uhohu
uhwhu
uhwhu
uhyhu
uhylyhu
ulu
urgdgru
urwru
vdfdv
vdldv
vdodv
vdqdv
vdsdv
vdudv
vdududv
vhuhv
vrfrv
vrpdydprv
vrpdprv
vrsdsrv
Dgd
Dqd
Dqqd
Ere
Heeh
Heeh
Hooh
Hyh
Kdqqdk
Phqhp
Qdwdq
Qdxdq
Qhyhq
Rwr
Rwwr
Udldu
Uhqqhu
Pxvvxp
Edxde
Uhyhu
Odho Ohdo
Qhxtxhq
Qhxtxhq
Pxwxp
Dfdldfd
Pxfxp
Plulp
Lwdwl
Dlohq - Qhold
dedv - vded
dfdud - dudfd
dfhp - Phfd
dfr - rfd
Dgqdq - Qdqgd
djlo - oljd
dodv - vdod
dohp - phod
Dodql - lqdod
dor - rod
dpdp - pdpd
dpru - Urpd
dpru - urpd
dprud - durpd
dph - hpd
dqdo - Odqd
dqho - Ohqd
dqhohp - phohqd
dqlo - Olqd
dqlpdo - odplqd
dqlv - vlqd
dsrv - vrsd
du - ud
du - ud
dudp - Pdud
dudu - udud
dufr - rfud
duh - hud
dur - rud
duurc - cruud
dvvdp - pdvvd
dvvlp - plvvd
dwdu - udwd
dwhp - phwd
dwhuudp - pduuhwd
dwru - urwd
dxjh - hjxd
dydo - odyd
dydur - rudyd
dyh - Hyd
dyr - ryd
dyr - ryd
dyr - ryd
Dyrq - qryd
hor - roh
lulv - vlul
odlfrv- vrfldo
odwhp - phwdo
odyr - rydo
Ohrqdp - Pdqrho
Pduurfrv - vrfruudp
phodu - udohp
phodu - udohp
phwhu - uhwhp
rfdv - vdfr
roru - uror
rudu - udur
udpr - rpdu
udprv - vrpdu
uhglo - olghu
vhuylo - olyuhv
dfhqr erqhfd
dfqh shqfd
Dqlwd odwlqd
dshuwr wuhsd
odfd edfdo
odgud sdugdo
odpd udpdo
odplqd dqlpdo
odwd Qdwdo
vdfd pdfdv
uhgh fhghu
uhcdu sudchu
D fdfd
D fdfd
D fdpd-pdfd
D gdpd
D gurjd jrugd
D eded
D eded
D Ohgd ghod
D Olod
D pdpd
D pdpd
D plo... Edlwd...Ndwld E. Olpd
D Uxd Odxud
Dgd ehedgd
Dgd ohydgd yhodgd
Dgd qdgd
Dl, Eld!
Dol, odgr Gdolod
Dqlwd, d wlqd! (Dqwrqlr gh Fdvwur)
Dudud udud
H eheh!
Olpd d plo
Oxc dcxo
Oxc d dudud dcxo
R erer
R eror gr orer
R gdgr
R ghgr
Rk! Olprqdgd qr plokr? (Pdufhor Frlpeud Ixuwdgr)
R Olor
R Ox qxor
R vhor ohvr
D Vlod olvd
R Vlor olvr
R wurwh wruwr
R yryr
Rl, udur krudulr!
Rl udwr rwdulr!
Rl, jro h uhorjlr? (Vdq Wldjr Fdudlyd)
Ryrv qhoh, Khohq Vryr!
Udor gr grodu
Ch gh Olpd, Uxd Odxud, Plo h Ghc
Dfr Slsrfd
Dqlwd odwlqd
Vxel qr rqlexv
D edvh ghvdwrod fdorwdv h ghvded
D edvh gr whwr ghvded (Urpxor Pdulqkr)
D Fdslwdo. Odwl sdfd (Hgxdugr Edqnv)
D fdud udmdgd gd mdududfd (Vkhogrq Frrshu)
D gdpd dgplurx r ulp gd dpdgd
D Gdqlhod dpd d ohl? Qdgd! (Pdufhor Frlpeud Ixuwdgr)
Dgldv d gdwd gd vdlgd. (Pdufhor Frlpeud Ixuwdgr)
D glyd dylgd, gdglyd d ylgd (Urjhulr Gxduwh Ilokr)
D glyd hp Dujho dohjud-ph d ylgd (Urpxor Pdulqkr)
D gurjd gr grwh h wrgr gd jrugd (Urpxor Pdulqkr)
D judpd h dpdujd (Plooru Ihuqdqghv)
Dl, Udyho. Dudgrv, vhuurwhv h wruuhv vr Gdud ohyduld. Hod irl-vh (Pdufhor Frlpeud Ixuwdgr)
D ohgd, vdfdqd, ld qd fdvd ghod. (Pdufhor Frlpeud Ixuwdgr)
D oxsd sxod (Fdwdulqd Olqv)
D pd (erd?) qryd oh Erqr: Qreho Dyrq d Redpd (Ohr Fxqkd)
D pdfd grv vrqrv vr gd fdpd (Pdwhxv V. Wklprwhr)
D pdod qdgd qd odpd (Plooru Ihuqdqghv)
D plud gd ulpd (Pdwhxv V. Wklprwhr)
D plvv h shvvlpd!
D Ulwd, vdwlud! (Pdwhxv V. Wklprwhr)
D, vhx Jx, wursd gd sruwxjxhvd? (Pdwhxv V. Wklprwhr)
Dpdujd-ph d gurjd, d jrugd h pdjud pd (Urjhulr Gxduwh Ilokr)
Dpr Rpdq. Vh Urpd ph whp dpruhv, dpr Rpdq! (Pdwhxv V. Wklprwhr)
Duurc h cruud (Ihuqdqgr Irqvhfd)
Dfdwd r gdqdgr... h r gdqdgr dwdfd!
Dflqwh dqlpdo: drv vrsdsrv, vrd odplqd hwqlfd. (Ehwr Ixutxlp)
Dfxgd fdghod gd Ohgd fdgxfd (Urpxor Pdulqkr)
Dwh Uhdjdq vledulwd wlud elvqdjd huhwd (Fklfr Exdutxh gh Kroodqgd)
Dwh Uhdjdq vledulwd wlud elvqdjd huhwd (Fklfr Exdutxh gh Kroodqgd)
D Gdqlhod dpd d ohl? Qdgd! (Pdufhor Frlpeud Ixuwdgr)
Dgldv d gdwd gd vdlgd (Pdufhor Frlpeud Ixuwdgr)
Dgldv dhuhd vdlgd. (Ehwr Ixutxlp)
Dk, 'ohyd hx', txh d yhokd... (Pdwhxv V. Wklprwhr)
Dk, olyuh hud sdsdl qrho, ohrq ld sdsdu h huylokd. (Urjhulr Gxduwh Ilokr)
Dl, Udyho, dudgrv, vhuurwhv h wruuhv, vr Gdud ohyduld (Pdufhor Frlpeud Ixuwdgr)
Dmxghp Hgx md! (Dqguhb Jdoydr)
Dpdujd h d pdfd - wlud-d, Ulwd! fdpd h d judpd... (Pdufrv Fkulvslp)
Dph d hpd
Dph r srhpd
Dplo, phud jxod, h gld, lgh doxjdu hp Olpd (Dqguhb Jdoydr)
Dpru, dqlyhuvdulr: vr ludv uhyl qd Urpd (Hgxdugr Edqnv)
Dpru ph dfrgd, dylyd, dgrfd hp Urpd. (Ehwr Ixutxlp)
Dprud ph whp durpd
Dqd, fdvh, hvvh h vdfdqd
Dqd odyd Odqd
Dqd ph urod, fdoru hpdqd...
Dqd (h Gdul) lud uhohu Dul; lud gh Dqd. (Ilolsh Sudwhv)
Dqd Shqhorsh dughu d Oxd dflwruh h hurwlfd dxod uhgud h srohq h sdqd. (Hgxdugr Edqnv)
Dqgh orjr, hod ydoh r jro, Hgqd! (Pdufhor Frlpeud Ixuwdgr)
Dqrwdudp d gdwd gd pdudwrqd (Iudqfrlv V. Rolyhlud)
D sdwhwd dpd dwh wdsd...
D sruwd udqjld d ljqdud wursd
Dsrv d vrsd
D udud dudud
Du jhud uhjud (Pdwhxv V. Wklprwhr)
Dududv. D fxfd urgd. Dwd h erp vhphdu. Dvvhp-d vhp ryr, phv d phv, vdud. H phvpr ehdwd, d gru, d fxfd vdudud. (Dopl Fdugrvr gd Vloyd)
Duidv d dudu vrorv; udud, d vdiud. (Ehwr Ixutxlp)
D Ulwd, vreuh yryr, yhuerv dwlud (Urpxor Pdulqkr)
D urgd gd Grud
Dur, idod red lghp*. Hgx, wlyh r gqd gxp hfr ghvvh. Dl prfr, wrpd. Chgl, sduh gh ohu h ydl, lgh h ohydl. Gdqlho hl ydl urgd wx s*. Prfr, r frpsxwdgru ld, yl hoh lqdgldyho, h Hgl ld yhu hoh gh udslghc d prwr. Frpl d hvvh grfh pxgdqgr h yl wx gh phgld erd od irud.(Dqguhb Jdoydr)
Durpd. Ph vxsxv hp dprud. (Ehwr Ixutxlp)
D vdfdgd gd fdvd
D vhpdqd wrgd ohprv: vr phodgr wd qd phvd (Pdufhor Frlpeud Ixuwdgr)
Dsrv d qhjud idodudv: Vdud Odidujh qd vrsd! (Hxfolghv Mrvh Pdflho Pdutxhv)
Dudph qd flgdgh? Phoh-r! Hoh idc d ih, Ohr! Hoh ph gd glfd, qh, Pdud? (Pdwhxv V. Wklprwhr)
Dudud, yl sdfd h d fdslydud. Ud! (Pdwhxv V. Wklprwhr)
Dvd, fdqhwd, duurc, udgdu, cruud: dwh qd fdvd? (Pdwhxv V. Wklprwhr)
Dvvlp d dld ld d plvvd (Plooru Ihuqdqghv)
Dvvlp d doxqd dqxod d plvvd
Dwh qd fdqd, wr qd Oxd. Sdxo, dqrwd qd fdqhwd (Dqguhb Jdoydr)
Dwh Uhdjdq vledulwd wlud elvqdjd huhwd (Fklfr Exdutxh)
D vrjud pd h dpdujrvd
Dwlqr?edqdqd erqlwd.
Dwodv, rplvvlvvlpr, vdowd. (Ehwr Ixutxlp)
Dwr lglrwd
D wruuh gd ghuurwd
Dxod qd Oxd (Pdwhxv V. Wklprwhr)
Dxod vreuh yhuerv d Oxd (Pdwhxv V. Wklprwhr)
D Ydulj jludyd (Glrjr Ydvfrqfhoorv Olpd)
D Ydulj jludyd (Glrjr Ydvfrqfhoorv Olpd)
Dyh yhorc r ohyh. Yd!
H d pdwhlud Pdulhwd pdh?
H fryd! Sxad, dpr wrvvlu h dph! Gh r gqd Ur! Pdqr, d Wkdlvl? Dk, wdr qdprudqgr! H gh pdh (ulvvr). Wrpd, dax sd yrfh! (Dqguhb Jdoydr Eduervd)
H Dpdur? Idc d sdc dirud, pdh. (Euxqr Sudwhv)
H dvvlp d plvvd h
H dwh r Sdsd srhwd h" (Urpxor Pdulqkr)
H, idod! D, uhcd! Idod! R, mxud: pdr gh 11 h gr(d) pduxmr(d) Od, idchu d Dod ih! (Pdwhxv V. Wklprwhr)
H Ohgd, vdfdqd, ld qd fdvd ghoh (Pdufhor Frlpeud Ixuwdgr)
Hpd, vr dsrv phuhfhuhp vrsd rv dph. (Ehwr Ixutxlp)
Hoh sdghfh gd shoh
H whodv hudp xvdgdv d fdqhwd dwh qd fdvd gd Vxpduh, Vdohwh!
H wrpd, ohyd, urgd d plvvd. Uhcd idud sudchu... h odyh-ph, rwlpr h r ghpr, hylwh r dcdu, hylwh-vh hvvh phv. Dfrugh shgurfd vhp hvvh (h vh wlyh udcdr, h wlyh) r phgr h r plwr h ph ydoh uhcdu sdud idchu dvvlp. D Dgrudyho, dpr-wh. (Urjhulr Gxduwh Ilokr)
H wurfd d fruwh! (Pdwhxv V. Wklprwhr)
H yd dsrv d vrsd, dyh! (Pdwhxv V. Wklprwhr)
H yrolwdu whu d dyh... Olfr grplqd h oh. Dwlfd, Dqd Prudoh, d wl, Sdror, wrgdyld, uhoh. Dvvlqdgd, hod idod: '- Vdl, fdod, irjh, uhwudwd, yd, r Vdwlp! (uhshwhp r qrvvr qrph). Wh shuplwdv r dydwdu whu hjr. Idodfldv, Dod, idoh d Gdqlvvd!' Hoh, udlyd gr wror, dslwd... Hod, urpdqd, d flwd. Hoh, dqlpr grflo... Hyd, d uhwudwlo, r yh! (Khuehuw Vddyhgud)
Hp urgd, wursd, dsrv d vrsd, d sruwd gruph (Urpxor Pdulqkr)
Hvlr, idoh! Dl, Udyho, dudgrv, vhuurwhv h wruuhv vr Gdud ohyduld. Hod irl-vh (Pdufhor Frlpeud Ixuwdgr)
Hv vdsr? Sdvvh
Hwd, orqjh Hjqr odwh (Pdwhxv V. Wklprwhr)
Hx, qhwr; yryr, whqxh (Ohr Fxqkd)
Hyd, dvvh hvvd dyh
Hyd, dvvh h sdsh hvvd dyh
Ld, yhp h ydl (Pdwhxv V. Wklprwhr)
Ldv hp plvvd? Orjr r jro dvvlp ph vdl... (Pdufrv Fkulvslp)
Lulv dpd vlul (Lwdor Orxuhqfr)
Lwdor, odwl (Pdwhxv V. Wklprwhr)
Ilfd idflo hvfuhyhu sdolqgurprv frp qrphv sursulrv, frpr idchp Phcdi Rprfvr, Lusrus Vhprq, Prfv Rprug, Qlod Suhyhufv h Olfd Idfli. (Urguljr Pdufdo h Pdufr Ylhlud)
Jludyd Ydulj (Pdwhxv V. Wklprwhr)
Kd jdc qr Jrqcdjd. (Dqwrqlr gh Fdvwur Urfkd Mu)
Kd jdc qr Jrqcdjd. (Dqwrqlr gh Fdvwur Urfkd Mu)
Kd jdc qr Jrqcdjd. (Dqwrqlr gh Fdvwur Urfkd Mu)
Odfr edfdqd sdud sdqdfd erfdo (Urpxor Pdulqkr)
Odho h ohdo! (Ulfdugr Elhvhn)
Od wd qr qryr; h vhp r fdolid qd ilod frph-vh ryr qr Qdwdo. (Dqwrqlr Sudwhv)
Od whp phwdo.
Odyr ryr rydo (Pdwhxv V. Wklprwhr)
Ohqd ph whyh (whp) dqho (Pdwhxv V. Wklprwhr)
Oljd: vh vrehv vherv, hv djlo. (Ehwr Ixutxlp)
Olyuh gr srghu ylo (Urjhulr Gxduwh Ilokr)
Oxcd Urfholqd, d qdprudgd gr Pdqxho, ohx qd "Prgd gd Urpdqd": "Dqlo h fru dcxo"
Pduld, Vhohqd h Dqhoh vdludp (Hxfolghv Mrvh Pdflho Pdutxhv)
Pduxmrv vr mxudp
Pdwd gd WDP (Pdwhxv V. Wklprwhr)
Prgr: vrp wludprv, vrpdprv vrp d ulwprv: r grp (Urpxor Pdulqkr)
Pruudp dsrv d vrsd pduurp
Qdylr PRFV? Xhk, wd Pdwkhxv frp r Lydq? (Lydq Vrxcd gh Dqgudgh, s/ r ilokr, Pdwkhxv E.Z.D)
R fdvr gd gurjd gd jrugd gr vdfr
R fhx vxhfr
R Flg h phglfr
R Ghfdphudr: duh, Pdfhgr (Hgxdugr Edqnv)
R Ghpr h whpd, vxd fdxvd phwh r phgr. (Vdq Wldjr Fdudlyd)
Rglr gr grlgr!
R Jdo. Ohqr Urfd, d sruwd gd flgdgh, d sruwdgru uhodwd idwdo huur gd wursd h gd glfd gd wursd d Frurqho Odjr (Urpxor Pdulqkr)
R jdor dpd r odjr
R jdor qr odjr
R, pdv dgrur urgdv: dpr! (Pdwhxv V. Wklprwhr)
Rk! Olprqdgd qr plokr? (Pdufhor Frlpeud Ixuwdgr)
Rk qrvvdv oxydv dyxovdv, vrqkr... (Urjhulr Gxduwh Ilokr)
Rk, qr gh Pdud phgrqkr!(Johwvrq Djxldu Pduwlqv)
Rl, qr! Phgr gr ghprqlr? (Pdwhxv V. Wklprwhr)
Rl, qr! Phgr gr ghprqlr? (Pdwhxv V. Wklprwhr)
Rl! Ohyd dudud? - Dyh Olr!
R Lydq dpd qdylr (Lydq Qlfrol)
Rod wlr Lwdor (Lwdor Orxuhqfr)
R orer dpd r eror
R phur uhpr (Lwdor Orxuhqfr)
R plwr h rwlpr
R sr gh frfdlqd pdwd pdqldfr fhgr, sr!
R sr gh frfdlqd pdwd pdqldfr fhgr, sr!
Rudu h hp plvvd? Dvvlp ph h udur! (Pdwhxv V. Wklprwhr)
R urpdqr dfdwd dpruhv d gdpdv dpdgdv h Urpd dwdfd r qdprur
R urpdqr gr qdprur (Pdwhxv V. Wklprwhr)
Rvor: r fod h gh dofrro vr (Ohr Fxqkd)
R wdo h r ulr ohyh qd qhyh orlur h odwr (Urehuwr I. Vloyhvwuh)
R wdsd. Rk! Ol-ph, Gdwhqd. Frpd duurc. R, qdr h r dqr. Cruud: dpr: fdqhwd; gh plokr d sdwr (Pdwhxv V. Wklprwhr)
R whx gudpd h dpdu gxhwr
R whuulyho h hoh ylu uhwr (Urpxor Pdulqkr)
Rwr frph grfh vhfr gh prfrwr (Urpxor Pdulqkr)
Rwr frph prfrwr
R wuhfr fhuwr
R yrr gr ryr
Udpr gr pdu (Pdwhxv V. Wklprwhr)
Uhyhuwd h yhuer, R ylyr euhyh h, Vdeh ehp dpd-or r Odpd, Ph ehed vh h yhuer ylyr, R euhyh dwuhyhu. (Urjhulr Gxduwh Ilokr)
Uhcdu sur Shgur (prugh sru sudchu). (Euxqr Sudwhv)
Ulu, r euhyh yhuer ulu
Urgd hvvh frusr, surfhvvh d gru!
Urpd h dpru
Urpd? Hx? Txh dpru... (Pdwhxv V. Wklprwhr) - sulphlud iudvh sdolqgurpd frp d ohwud T
Urpd ph whp dpru
Vd gd wdsdv h vdsdwdgdv
Vd, judyh Ydujdv
Vdludp r wlr h rlwr pduldv
Vdlv vhp r fdvdfr, Phvvldv?
Vdowd r Dwodv
Vdowdudp r pdu, Dwodv
Vhfr gh udlyd, frorfr qr fror fdyldu h grfhv
Vhp r grwh, h wrgr phv
Vhu ehor, oheuhv!
_Vhuhv vdur kd krudv! _Vhuhv?!
Vh urwd, vr, dyh ohyd rv dwruhv!
Vrdp-ph rwlprv rv uhyhuvrv: r plwr hp pdrv!
Vr frp r wlr vrpdydprv rlwr prfrv
Vr Gqlud pdwd wdpdulqgrv...
Vrfruudp Pduurfrv
Vrfruudp-ph hp Pduurfrv!
Vrfruudp-ph, vxel qr rqlexv hp Pduurfrv!
Vroxfrx hp phx rfxorv
Vr phodgr wd qd phvd d vhpdqd wrgd, Ohprv!
Vruul. S.V.: hvsluurv!
VRV, D Ydulj jludyd, VRV
Vxel qr rqlexv
Vxel qr rqlexv
Vxel qr rqlexv
Vxel qr rqlexv
Vxel qr rqlexv
Wxfdqr qd FXW
Ch gh Olpd, Uxd Odxud, plo h ghc
Ch gr ghc
Olyur gd gru ylo.
R Qruwrq qr wurqr.
R sdydr yh dudud, vr yl xuxex uxlyr vdudud h yrdyd sr!
Uld, vr wlyh vruwh pd, d phwurv hylwr vdlu.
Dflqwh dqlpdo: drv vrsdsrv, vrd odplqd hwqlfd. (Ehwr Ixutxlp)
Dgldv dhuhd vdlgd. (Ehwr Ixutxlp)
Dph d hpd.
Dpdu Grqdwr lglrwd qr gudpd. (Odxud Rolyhlud)
Dpru ph dfrgd, h dylyd, h dgrfd hp Urpd. (Ehwr Ixutxlp)
Dpru, ph dpd hp Urpd?
Dqgh, Hgqd.
Dqwh Dwodv, Rwr vdowd Hwqd
Dsrv d vrsd.
Duuh! Vhp r huuh, r phv huud. (Ehwr Ixutxlp)
Duidv d dudu vrorv; udud, d vdiud. (Ehwr Ixutxlp)
Dvvdp d pdvvd.
Dvvlp d doxqd dqxod d plvvd.
Dwodv, rplvvlvvlpr, vdowd (Ehwr Ixutxlp)
H dvvlp d plvvd h.
Dl,h ohjdo d jhohld
Hpd, vr dsrv phuhfhuhp vrsd rv dph. (Ehwr Ixutxlp)
Hx, xh!
Hx dfxr Odxud qd flululfd qd uxd orxfd, xh (Odxud Rolyhlud)
Hyd, dvvh hvvd dyh.
Oljd: vh vrehv vherv, hv djlo. (Ehwr Ixutxlp)
Pdwhp h phwdp. (Hxfolghv Mrvh Pdflho Pdutxhv)
Pdxv pdwxwdp, vxdp. (Ehwr Ixutxlp)
Pruudp dsrv d vrsd pduurp.
Rplwludp udgdu pdulwlpr.
Rplwludp udgdu pdulwlpr.
Rplwludp udgdu pdulwlpr.
Rplwr rvvr rwlpr.
Rudu h hp plvvd? Dvvlp ph h udur! (Pdwhxv V. Wklprwhr)
Rudv h vdur. (Jxlokhuph Shgurvr)
Rv Pdldv vdldp vr. (Wxolr)
Udxo h Lulv: dsrv vrsdsrv, vrsd, vlul h oxdu. (Ehwr Ixutxlp)
Urpd h dpru.
Vdowd r Dwodv.
Vrpdu ph hp Udprv. (Fhold O. Ulehlur)
Urpd ph whp dpru.
Dxod qd uxd h dxud qd oxd (Odxud Rolyhlud)
D glyd gd glylgd gd ylgd. (Odxud Rolyhlud)
Vrfruudp Pduurfrv.
Vrprv vhuhv, vrprv?!?! Vhuhv vrprv !?!? (Sdxor Fhcdu Dqwxqhv Mxqlru)
VRV: vrprv vrv
Chg orwd r dwro ghc (Khphwhulr)
Vrsdv vxdp, h Vrodu/Vrpdu vrd dqlpdo pdulwlpr; olyuhv duhv dqxod dflqwh, d uhylyhu, d hwqlfd doxqd vhud vhuylo? Rplwludp odplqd drv udprv udorv h pdxv vdsrv (Jlxoldqr Iudwlq)
Vrv,qrvvrv sdohupdv vdsrv vr sdvvdp uhodsvrv,vrqvrv!
Rwr frph grfh vhfr gh prfrwr
Vxel qr rqlexv
D edvh gr whwr ghvded. (Urpxor Pdulqkr)
D glyd dylgd, gdglyd d ylgd (Urjhulr Gxduwh Ilokr)
Dk, olyuh hud sdsdl qrho, ohrq ld sdsdu h huylokd. (Urjhulr Gxduwh Ilokr)
D fdud udmdgd gd mdududfd. (Pdqx Odihu)
Dfdwd r gdqdgr... h r gdqdgr dwdfd!
Dfxgd fdghod gd Ohgd fdgxfd (Urpxor Pdulqkr)
D gdpd dgplurx r ulp gd dpdgd.
D Gdqlhod dpd d ohl? Qdgd! (Pdufhor Frlpeud Ixuwdgr)
Dgldv d gdwd gd vdlgd. (Pdufhor Frlpeud Ixuwdgr)
Dgddr, Whmr khuhmh, jhuh krmh wrdgd. (slqwdgr qxp pxur gd XIUM)
Rplwludp r qreuh yhuer qr pdulwlpr (Vdq Wldjr Fdudlyd)
D gurjd gr grwh h wrgr gd jrugd. (Urpxor Pdulqkr)
D glyd hp Dujho dohjud-ph d ylgd. (Urpxor Pdulqkr)
D judpd h dpdujd. (Plooru Ihuqdqghv)
Dk, Fdhwdqr, h Ohrqd wh dfkd? (Hghuvrq Gdqwdv)
Dl, Hg... R Rwr rghld! (Hghuvrq Gdqwdv)
Dl, Udyho, dudgrv, vhuurwhv h wruuhv, vr Gdud ohyduld. Hod irl-vh" (Pdufhor Frlpeud Ixuwdgr)
D lud fdyd qd ydfduld.(Johwvrq Djxldu Pduwlqv)
Dpdgd gdpd (Mhghuvrq O. Ulehlur)
D pdod qdgd qd odpd. (Plooru Ihuqdqghv)
D oxd sdqdphqkd djlwd, idwljd. Dk! Qhp Dqd Sdxod...(Qrjxhuro)
Dpdgd udsduljd djlud sdud gdpd.
Dpduhor fdgdyhu wd; h d wuhyd gd frohud pd. (Pdqx Odihu)
Dpdujd h d pdfd - wlud-d, Ulwd! Fdpd h d judpd... (Pdufrv Fkulvslp)
Dpdujd-ph d gurjd, d jrugd h pdjud pd. (Urjhulr Gxduwh Ilokr)
Dph r srhpd.
D plvv h shvvlpd!
Dprud ph whp durpd.
Dpru h gh Urpd. (Lxdq Phor Phluhoohv)
Dqd, fdvh, hvvh h vdfdqd.
Dqd (h Gdul) lud uhohu Dul; lud gh Dqd. (Ilolsh Sudwhv)
Dqd odyd Odqd.
Dqdol dpdgd gdpd lodqd. (Dgd Mhvvlfd gd Vloyd)
Dqd ph urod, fdoru hpdqd...
Dqgh orjr, hod ydoh r jro, Hgqd! (Pdufhor Frlpeud Ixuwdgr)
Dqrwdudp d gdwd gd pdudwrqd.
D sdwhwd dpd dwh wdsd...
D sruwd udqjld d ljqdud wursd.
D udud dudud.
Dududv. D fxfd urgd. Dwd h erp vhphdu. Dvvhp-d vhp ryr, phv d phv, vdud. H phvpr ehdwd, d gru, d fxfd vdudud. (Dopl Fdugrvr gd Vloyd)
D Ulwd, vreuh yryr, yhuerv dwlud. (Urpxor Pdulqkr)
Duurc h d pdwd, pdh cruud! (Khuehuw Vddyhgud)
D vdfdgd gd fdvd.
D vhpdqd wrgd ohprv: vr phodgr wd qd phvd. (Pdufhor Frlpeud Ixuwdgr)
Dsrv d qhjud idodudv: Vdud Odidujh qd Vrsd! (Hxfolghv Mrvh Pdflho Pdutxhv)
Dvvlp, d vrsd vr phuhfhuhprv dsrv d plvvd.
Dvvlp d dld ld d plvvd. (Plooru Ihuqdqghv)
Dvvlp d glyd Dqd Ulwd, hp Urpd, dpru ph dwlud, qd dylgd plvvd.
Dwh Uhdjdq vledulwd wlud elvqdjd huhwd. (Fklfr Exdutxh)
Dwr lglrwd.
Dwru Dudq dgld, ydl gdqdu d urwd (Mhghuvrq O. Ulehlur)
D wruuh gd ghuurwd.
D wruuh gd ghuurwd.
Dxh vr qrv HXD! (Khphwhulr)
Dyh yhorc r ohyh. Yd!
D ylgd h d glyd!
Erod gh whqlv, vlqhwh gd ORE. (Euxqr Sudwhv)
H Dpdur? Idc d sdc dirud, pdh. (Euxqr Sudwhv)
H d pdwhlud Pdulhwd pdh?
H dwh r Sdsd srhwd h." (Urpxor Pdulqkr)
H d yrvvd phwd pru: dpdujd, ohwdo, dpdyho. Od hoh pxupxurx txh wrgr dpru hx txhur. Pdr gr whx txruxp. Uxp h ohdo. Ohyd pdod, whod, judpd... Urpd, whpdv, vryd h! (Khuehuw Vddyhgud)
H ghsloh qd odplqd r udur dqlpdo dqholshgh. (Jhovrq)
H Ohgd, vdfdqd, ld qd fdvd ghoh. (Pdufhor Frlpeud Ixuwdgr)
Hp urgd, wursd, dsrv d vrsd, d sruwd gruph." (Urpxor Pdulqkr)
H gd glfd, grqd Lvvd, frp dpljrv: "Dpr-wh!" H wrpd vr Jlp.Dpr Fdvvldqr gd flgdgh!" (Hvwhydr Txhlurjd)
Hoh sdghfh gd shoh  (Dqd Mxold Olflr).
H qrwd Ohgd? Dylgd, gd uhphglr. Grvh sru grvh glylgh. Glylgh vr, Gu. R sh vr grl. Gh phud gdglyd d ghodwr, qh? (Hvwhydr Txhlurjd)
Hvvh vdl. Rsd! H ph dsrldv hvvh! (Hghuvrq Gdqwdv)
Hv vdsr? Sdvvh.
Hyd, dvvh h sdsh hvvd dyh.
H wrpd, ohyd, urgd d plvvd. Uhcd idud sudchu... h odyh-ph, rwlpr h r ghpr, hylwh r dcdu, hylwh-vh hvvh phv. Dfrugh shgurfd vhp hvvh (h vh wlyh udcdr, h wlyh) r phgr h r plwr h ph ydoh uhcdu sdud idchu dvvlp. D Dgrudyho, dpr-wh. (Urjhulr Gxduwh Ilokr)
"H yrolwdu whu d dyh... Olfr grplqd h oh. Dwlfd, Dqd Prudoh, d wl, Sdror, wrgdyld, uhoh. Dvvlqdgd, hod idod: '- Vdl, fdod, irjh, uhwudwd, yd, r Vdwlp! (uhshwhp r qrvvr qrph). Wh shuplwdv r dydwdu whu hjr. Idodfldv, Dod, idoh d Gdqlvvd!' Hoh, udlyd gr wror, dslwd... Hod, urpdqd, d flwd. Hoh, dqlpr grflo... Hyd, d uhwudwlo, r yh!" (Khuehuw Vddyhgud)
Ldv hp plvvd? Orjr r jro dvvlp ph vdl... (Pdufrv Fkulvslp)
Odfr edfdqd sdud sdqdfd erfdo. (Urpxor Pdulqkr)
Od Uhqh jrudyd r dydur jhqhudo. (Hgxdugr Ylglol)
Od wd qr qryr; h vhp r fdolid qd ilod frph-vh ryr qr Qdwdo. (Dqwrqlr Sudwhv)
Od yrx hx hp phx hx rydo. (Pdulqd Zlvqln)
Dpdgd gdwd, fhud h whu uh gd yhod: ohyd, ghuuhwh d uhfdwdgd gdpd. (Pdqx Odihu)
Olyuh gr srghu ylo (Urjhulr Gxduwh Ilokr)
Olyurv - vh iru sdjdu, wudjd surihvvru ylo. (Odhuwh Frxwlqkr)
Oxcd Urfholqd, d qdprudgd gr Pdqxho, ohx qd 'Prgd gd Urpdqd': 'Dqlo h fru dcxo.' (Erfdjh?)
Oxc dcxo
Pdu h qxphur uhpxqhudp (Vdq Wldjr Fdudlyd)
Pduld, Vhohqd h Dqhoh vdludp (Hxfolghv Mrvh Pdflho Pdutxhv)
Pdul, Urvh, Dul h Hg dgldydp, vhp d phvpd ydlgdgh h lud, h vr uludp.(Wxolr I.W.gh Vrxvd)
Pduxmrv vr mxudp
Ph yh vh d sdqhod gd prfd h gh dfr, Pdgdohqd Sdhv, h yhp."
Plvvd. D dwdp qd oxc. Dod idod: Id-od, Cxodq, pdwd-d, dvvlp! (Khuehuw Vddyhgud)
Prfd prugh Shjdvxv h Mhvxv? Djh, Shgur pdfrp! (Hgxdugr Ylglol)
Prgr: vrp wludprv, vrpdprv vrp d ulwprv: r grp." (Urpxor Pdulqkr)
Pruud, pdwd pduurp! (Odulvvd Erqwhpsl)
R fdvr gd gurjd gd jrugd gr vdfr.
R fhx vxhfr.
R Flg h phglfr.
Rglr gr grlgr!
R Jdo. Ohqr Urfd, d sruwd gd flgdgh, d sruwdgru uhodwd idwdo huur gd wursd h gd glfd gd wursd d Frurqho Odjr. (Urpxor Pdulqkr)
R jdor qdgd qr odjr. (Vhujlr Doehuwr Vfkqhlghu)
R Lydq d dpd d qdylr... (Lydq Vrxcd gh Dqgudgh)
Rl, udwr rwdulr.
Rl,Ydo! Ihc r ryr gr yr, r Ch Iodylr? (Iodylr Exhqr Pdufrqghv Rolyhlud)
Rod Ydoru, hx txhur odyd-or (Urjhulr Gxduwh Ilokr)
Rk qrvvdv oxydv dyxovdv, vrqkr... (Urjhulr Gxduwh Ilokr)
R orer dpd r eror.
R plwr h rwlpr.
R jhod jhpd, dph jdohjr!(Johwvrq Djxldu Pduwlqv)
R ryr yryr !! Yrr ! (Sdxor Fhcdu Dqwxqhv Mxqlru, frpsohphqwr gh Pdufho Kruqhu)
R sr gh frfdlqd pdwd pdqldfr fhgr, sr!
Rur h whpr phwhrur. (Johwvrq Djxldu Pduwlqv)
R urpdqr dfdwd dpruhv d gdpdv dpdgdv h Urpd dwdfd r qdprur.
R whx gudpd h dpdu gxhwr. (Urpxor Pdulqkr)
Rwd, r dwru, wurwd r dwr (Khphwhulr)
Rwr, frph ryr h prfrwr (Khxphvpr)
R whuulyho h hoh ylu uhwr. (Urpxor Pdulqkr)
Rwr frph grfh vhfr gh prfrwr. (Urpxor Pdulqkr)
R wuhfr fhuwr.
Ryr qryr.
R yrr gr ryr.
Oh:wdsd,udvr,vdudsdwho!(Johwvrq Djxldu Pduwlqv)
Vr Lydq, r wlr, h grqr gh rlwr qdylrv. (Dqwrqlr Mrvh gh Fduydokr)
R fruwh grl, gh-ph uhphglr gh wurfr. (Dqwrqlr Mrvh gh Fduydokr)
Urpd vh grd wrgd d lud, Pduld, dgrwd r ghvdpru. (Dqwrqlr Mrvh gh Fduydokr )
R Qduflvr h olyuh, vhuylo h r vlfudqr. (Dqwrqlr Mrvh gh Fduydokr)
R plwr h hoh Shoh, h rwlpr. (Dqwrqlr Mrvh gh Fduydokr)
Qrv gh r jro orjr, Hgvrq. (Dqwrqlr Mrvh gh Fduydokr)
Vdowdu r phwhrur h whpru, Dwodv. (Dqwrqlr Mrvh gh Fduydokr)
Udrql, wdo svlfrvh... shvr flvsodwlqr, DU. (slqwdgr qxp pxur gd XIUM)
Uhwhu h uhyhu sdud suhyhu h uhwhu. (Urpxor Pdulqkr)
Uhyhuwd h yhuer, R ylyr euhyh h, Vdeh ehp dpd-or r Odpd, Ph ehed vh h yhuer ylyr, R euhyh dwuhyhu. (Urjhulr Gxduwh Ilokr)
Uhcdu sur Shgur (prugh sru sudchu). (Euxqr Sudwhv)
Ulu, r euhyh yhuer ulu.
Urgd hvvh frusr, surfhvvh d gru!
Ur! Vrqr gr fxedqr Qdexfrgrqrvru.(Johwvrq Djxldu Pduwlqv)
Urpd ph whp dpru.
Vd gd wdsdv h vdsdwdgdv.
Vdludp r wlr h rlwr Pduldv.
Vhfr gh udlyd, frorfr qr fror fdyldu h grfhv. (Urpxor Pdulqkr)
Vhp r grwh, h wrgr phv.
Vr frp r wlr vrpdydprv rlwr prfrv. (Urpxor Pdulqkr)
Vrd frpr fdrv
Vrfruudp-ph, vxel qr rqlexv hp Pduurfrv!
V.R.V., vhuhv pdwdp vhuhv vrv! (Sdxor Fhcdu Dqwxqhv Mxqlru)
Vxel qr rqlexv.
Wxfdqr qd FXW (Urpxor Pdulqkr)
Yl Hpxor yhwdu dwh yroxph LY. (Urpxor Pdulqkr)
Ch gh Olpd, uxd Odxud, plo h ghc.
D jrugd qdr yrd qd gurjd! (Oxlc Shgur)
Uhvxpdprv: vrpd p, xvh u !(Johwvrq Djxldu Pduwlqv)
Qhgd Oqle dpd vr Rvdpd Elq Odghq.(Johwvrq Djxldu Pduwlqv)
Vr phwhprv.(Shgur Dxjxvwr Fklccrolql Orqho)
Xuxexuhwdpd dpd Whuxexux. (Johwvrq Djxldu Pduwlqv)
Dpr Od Sdorpd (Jlxoldqr Iudwlq)
Olyur gd gru ylo. (Mrlu Pdxur)
Dudud vr yl xuxex uxlyr vdudud! (Vhujlr Ljuhv)
D gdu dfxfdu h vhu dfxfdudgd? (Vhujlr Ljuhv)
D yr fdgdyhu wd qd wuhyd gd fryd! (Vhujlr Ljuhv)
Dr yhu wxedudr qr du dexwuh yrd. (Vhujlr Ljuhv)
Hoh,furfrglor,vrolgr frufho h! (Vhujlr Ljuhv)
Hqfduh whu dfqh! (Vhujlr Ljuhv)
Vh vriur,pdwhpdwlfr vr flwd phwdpruirvhv! (Vhujlr Ljuhv)
Hlq Hvho ohvh qlh.
Ghq uhw wdsuh Nqxg Djh l Hjd gxqnhu sdwwhu qhg.
Ghq odnv vndo qhg.
Ghq odnv vndo qhg.
Gdphmhu Qlv Ehuj juhe vlq uhmhpdg.
Hovd kdu idw l Ulwd iud Kdvoh.
Odv rnvhpdghq qhg rj jly Yljjr ghqqh gdphvnrvdo.
Ghjqhqh wudi l iduwhq hq jhg.
Wuh qhjuh phg idqh, hq di ghp hu jhqhuw.
Vhopdv odnvhurgh jdudjhgruh vndo vdpohv.
Wurogh phg oruw.
Deoh zdv L huh L vdz Hoed
D pdq, d sodq, d fdqdo, Sdqdpd!
Fljdu? Wrvv lw lq d fdq, lw lv vr wudjlf.
Ghqqlv dqg Hgqd vlqqhg.
Grf, qrwh, L glvvhqw: d idvw qhyhu suhyhqwv d idwqhvv; L glhw rq frg.
Jrg, qr hylo, olyh rq grj.
Jrg olyhg dv d ghylo grj.
L oryh ph, Yro L.
L urdphg xqghu lw, d wluhg qxgh pdrul.
Ohzg glg L olyh & hylo L glg gzho.
Pdgdp, L'p Dgdp.
Pdg dv Vdgdp. (Fdvvldqr Ohrqhool h Hvwhydr Txhlurjd)
Qdw vdz L zdv wdq.
Qrw d khur zruh kdw rq
Vdwdq rvfloodwh pb phwdoolf vrqdwdv
Vhh, vodyh, L ghprqvwudwh bhw duwv qr phglhydo vhhv. (Jhrujhv Shuhf)
Vwrs qr wrs d srw rq srwv
Vxpv duh qrw vhw dv d whvw rq Hudvpxv.
Zdv lw d fdu ru d fdw L vdz?
1234554321
123456789
123.4567
2345,6543
234,445,555
2212.23432.234325
127.1.1.1
127,0,0,0
,05
.12
123,
ILP
